[{"id":123,"nome":"Prato 1","preco":10.00,"restaurante":{"id":123,"nome":"Novo Restaurante","proprietario":"ID do keyclock"}}]